
================================================================================
PRIOR DOSE MODULE - COMPREHENSIVE QA TEST SUITE
================================================================================

Testing against: http://localhost:8000/api

================================================================================
SUITE 1: DOSE CALCULATION METHODS
================================================================================

================================================================================
TEST: EQD2 Method - Single Prior with Overlap
================================================================================

✓ Test passed - Writeup generated successfully

================================================================================
TEST: Raw Dose Method - Single Prior with Overlap
================================================================================

✓ Test passed - Writeup generated successfully

================================================================================
SUITE 2: DICOM UNAVAILABLE SCENARIOS
================================================================================

================================================================================
TEST: DICOM Unavailable - No Overlap
================================================================================

✓ Test passed - Writeup generated successfully

================================================================================
TEST: DICOM Unavailable - With Overlap
================================================================================

✓ Test passed - Writeup generated successfully

================================================================================
TEST: Multiple Prior - Mixed DICOM Availability
================================================================================

✓ Test passed - Writeup generated successfully

================================================================================
SUITE 3: CUSTOM SITE FUNCTIONALITY
================================================================================

================================================================================
TEST: Custom Current Site
================================================================================

✓ Test passed - Writeup generated successfully

================================================================================
TEST: Custom Prior Site with Overlap
================================================================================

✓ Test passed - Writeup generated successfully

================================================================================
TEST: Both Current and Prior Custom Sites
================================================================================

✓ Test passed - Writeup generated successfully

================================================================================
SUITE 4: OVERLAP PATTERN VARIATIONS
================================================================================

================================================================================
TEST: Multiple Prior - All Overlap
================================================================================

✓ Test passed - Writeup generated successfully

================================================================================
TEST: Multiple Prior - None Overlap
================================================================================

✓ Test passed - Writeup generated successfully

================================================================================
TEST: Multiple Prior - Mixed Overlap (1 of 3)
================================================================================

✓ Test passed - Writeup generated successfully

================================================================================
SUITE 5: EDGE CASES
================================================================================

================================================================================
TEST: High Dose - SBRT Current and Prior
================================================================================

✓ Test passed - Writeup generated successfully

================================================================================
TEST: Single Fraction - SRS Current and Prior
================================================================================

✓ Test passed - Writeup generated successfully

================================================================================
TEST: Many Prior Treatments (5 total)
================================================================================

✓ Test passed - Writeup generated successfully

================================================================================
TEST: No Prior Treatments - Baseline
================================================================================

✓ Test passed - Writeup generated successfully

================================================================================
GENERATING COMPREHENSIVE REPORT
================================================================================

📄 Comprehensive report saved to: prior_dose_comprehensive_qa_results.md

================================================================================
FINAL RESULTS: 15/15 tests passed
================================================================================

✓ All comprehensive tests passed! Prior Dose module is production-ready.

The module correctly handles:
  • Dose calculation methods (Raw Dose and EQD2)
  • DICOM unavailable scenarios
  • Custom site functionality
  • Various overlap patterns
  • Edge cases (SBRT/SRS doses, many treatments, no prior)
